// Jest Snapshot v1, https://goo.gl/fbAQLP

exports[`CartNotification Component creates a snapshot for the whole component 1`] = `
<div>
  <div
    class="CartNotification-Container"
  >
    <div
      class="CartNotification-Amount"
    >
      Cart: 
      3
    </div>
  </div>
</div>
`;
